// Jest Snapshot v1, https://goo.gl/fbAQLP

exports[`snapshot 1`] = `
<RNGestureHandlerButton
  activeOpacity={0.105}
  collapsable={false}
  onActiveStateChange={[Function]}
  onGestureEvent={[Function]}
  onGestureHandlerEvent={[Function]}
  onGestureHandlerStateChange={[Function]}
  onHandlerStateChange={[Function]}
  onPress={[MockFunction]}
  style={
    Object {
      "alignItems": "center",
      "backgroundColor": "#fff",
      "borderRadius": 10,
      "height": 60,
      "justifyContent": "center",
      "marginTop": 8,
    }
  }
  testID="button"
  underlayColor="black"
>
  <View
    style={
      Object {
        "backgroundColor": "black",
        "borderBottomLeftRadius": undefined,
        "borderBottomRightRadius": undefined,
        "borderRadius": 10,
        "borderTopLeftRadius": undefined,
        "borderTopRightRadius": undefined,
        "bottom": 0,
        "left": 0,
        "opacity": 0,
        "position": "absolute",
        "right": 0,
        "top": 0,
      }
    }
  />
  <Text
    style={
      Array [
        Object {
          "color": "#f56700",
          "fontSize": 18,
          "fontWeight": "bold",
        },
      ]
    }
  >
    Submit
  </Text>
</RNGestureHandlerButton>
`;
